
$ ssh -v  git@github.com


$ git config --global user.name "John Doe"
$ git config --global user.email johndoe@example.com


设置默认使用的文本编辑器
$ git config --global core.editor emacs

差异分析工具，例如：
git config --global merge.tool vimdiff


检查已有的配置信息
git config --list

$ git help 
$ git  --help

$ git help config








初始化新仓库
git init


$ git clone git://github.com/schacon/grit.git
$ git clone git://github.com/schacon/grit.git mygrit  #项目重命名

查看文件当前处于什么状态，
git status

git add 开始跟踪一个新文件
暂存这次更新，需要运行git add 命令（这是个多功能命令，根据目标文件的状态不同，此命令的效果也不同：可以用它开始跟踪新文件，或者把已跟踪的文件放到暂存区，还能用于合并时把有冲突的文件标记为已解决状态等）
git diff查看尚未暂存的文件更新了哪些部分
git diff --cached 命令 已经暂存起来的文件和上次提交时的快照之间的差异
git diff --staged，Git 1.6.1 及更高版本还允许使用这个，效果是相同的，但更好记些

=====================
.gitignore 文件

# 此为注释 C 将被 Git 忽略
*.[oa]    # 忽略所有以 .o 或 .a 结尾的文件
*~        # 忽略所有以波浪符（~）结尾的文件
*.a       # 忽略所有 .a 结尾的文件
!lib.a    # 但 lib.a 除外
/TODO     # 仅仅忽略项目根目录下的 TODO 文件，不包括 subdir/TODO
build/    # 忽略 build/ 目录下的所有文件
doc/*.txt # 会忽略 doc/notes.txt 但不包括 doc/server/arch.txt

提交更新

提交命令(暂存起来git add的)
git commit

可以用 -m 参数后跟提交说明的方式，在一行命令中提交更新：
git commit -m "edit intro"  #这样提交前就不用git add了


跳过使用暂存区域
-a 选项，Git 就会自动把所有已经跟踪过的文件暂存起来一并提交，从而跳过 git add 步骤：

git commit -a -m "edit intro"

推送数据到远程仓库
git push origin master

git remote show origin

git remote rename pb paul  重命名pb为paul
git remote rm paul 移除远端仓库








列显已有的标签
git tag
git tag -l 'v1.4.2.*'

新建标签
git tag -a v1.4 -m 'my version 1.4'
git show v1.4

签署标签
git tag -s v1.5 -m 'my signed 1.5 tag'
再运行 git show 会看到对应的 GPG 签名也附在其内：
git show v1.5








新建分支
git branch testing

切换分支
git checkout testing
git checkout master

git checkout -b iss53
相当于执行下面这两条命令：
git branch iss53
git checkout iss53

新建紧急修补分支（不过在此之前，留心你的暂存区或者工作目录里，那些还没有提交的修改，它会和你即将检出的分支产生冲突从而阻止 Git 为你切换分支。切换分支的时候最好保持一个清洁的工作区域。稍后会介绍几个绕过这种问题的办法（分别叫做 stashing 和 commit amending）。目前已经提交了所有的修改，所以接下来可以正常转换到master 分支：）

git checkout -b 'hotfix'
修改后合并（先返回主干再marge）
git checkout master
git merge

hotfix 完成历史使命，就可以删掉了
git branch -d hotfix


$ git merge iss53
Auto-merging index.html
CONFLICT (content): Merge conflict in index.html
Automatic merge failed; fix conflicts and then commit the result.
产生了冲突，可以git status(逻辑上说，这种问题只能由人来裁决。)

在解决了所有文件里的所有冲突后，运行 git add 将把它们标记为已解决状态（译注：实际上就是来一次快照保存到暂存区域。）。因为一旦暂存，就表示冲突已经解决。如

如果你想用一个有图形界面的工具来解决这些问题，不妨运行git mergetool，它会调用一个可视化的合并工具并引导你解决所有冲突：
git mergetool

再运行一次 git status 来确认所有冲突都已解决：
如果觉得满意了，并且确认所有冲突都已解决，也就是进入了暂存区，就可以用 git commit 来完成这次合并提交。






分支的管理

git branch 命令不仅仅能创建和删除分支，如果不加任何参数，它会给出当前所有分支的清单：
git branch
注意看 master 分支前的 * 字符：它表示当前所在的分支。

若要查看各个分支最后一个提交对象的信息，运行git branch -v：
git branch -v

要从该清单中筛选出你已经（或尚未）与当前分支合并的分支，可以用 --merge 和 --no-merged 选项（Git 1.5.6 以上版本）。比如用git branch --merge 查看哪些分支已被并入当前分支（译注：也就是说哪些分支是当前分支的直接上游。）：

git branch --merged
一般来说，列表中没有 * 的分支通常都可以用 git branch -d 来删掉。原因很简单，既然已经把它们所包含的工作整合到了其他分支，删掉也不会损失什么。

另外可以用 git branch --no-merged 查看尚未合并的工作：




































